// Jest Snapshot v1, https://goo.gl/fbAQLP

exports[`HeroImage should match the snapshot 1`] = `
<styled.div
  imgUrl="/assets/images/xe_k17.jpg"
>
  <div
    className="heroText"
  >
    <h1>
      Jaguar k17 xe
    </h1>
    <p
      className="subText"
    >
      The most advanced, efficient and refined sports saloon that Jaguar has ever produced
    </p>
  </div>
</styled.div>
`;
