// Jest Snapshot v1, https://goo.gl/fbAQLP

exports[`CarParticulars should match the snapshot 1`] = `
<styled.div>
  <div
    className="particularsItem"
  >
    <span>
      Bodystyle: 
    </span>
    <span>
      saloon
    </span>
  </div>
  <div
    className="particularsItem"
  >
    <span>
      Drivetrain: 
    </span>
    <span>
      AWD, RWD
    </span>
  </div>
  <div
    className="particularsItem"
  >
    <span>
      CO2 Emissions $value g/km
       :
    </span>
    <span>
      99
    </span>
  </div>
  <div
    className="particularsItem"
  >
    <span>
      Passengers: 
    </span>
    <span>
      5
    </span>
  </div>
</styled.div>
`;
